[   46280ms] [ERROR] Access to font at 'http://localhost:3002/_next/static/media/83afe278b6a6bb3c-s.p.3a6ba036.woff2' from origin 'null' has been blocked by CORS policy: No 'Access-Control-Allow-Origin' header is present on the requested resource. @ http://localhost:3002/sandbox:0
[   46280ms] [ERROR] Failed to load resource: net::ERR_FAILED @ http://localhost:3002/_next/static/media/83afe278b6a6bb3c-s.p.3a6ba036.woff2:0
[   46280ms] [ERROR] Access to font at 'http://localhost:3002/_next/static/media/Kalice_Trial_Bold-s.p.0d951813.otf' from origin 'null' has been blocked by CORS policy: No 'Access-Control-Allow-Origin' header is present on the requested resource. @ http://localhost:3002/sandbox:0
[   46280ms] [ERROR] Failed to load resource: net::ERR_FAILED @ http://localhost:3002/_next/static/media/Kalice_Trial_Bold-s.p.0d951813.otf:0
[   46280ms] [ERROR] Access to font at 'http://localhost:3002/_next/static/media/Kalice_Trial_Medium-s.p.e5dbb990.otf' from origin 'null' has been blocked by CORS policy: No 'Access-Control-Allow-Origin' header is present on the requested resource. @ http://localhost:3002/sandbox:0
[   46280ms] [ERROR] Failed to load resource: net::ERR_FAILED @ http://localhost:3002/_next/static/media/Kalice_Trial_Medium-s.p.e5dbb990.otf:0
[   46280ms] [ERROR] Access to font at 'http://localhost:3002/_next/static/media/Kalice_Trial_Regular-s.p.097de76f.otf' from origin 'null' has been blocked by CORS policy: No 'Access-Control-Allow-Origin' header is present on the requested resource. @ http://localhost:3002/sandbox:0
[   46280ms] [ERROR] Failed to load resource: net::ERR_FAILED @ http://localhost:3002/_next/static/media/Kalice_Trial_Regular-s.p.097de76f.otf:0
[   46289ms] SecurityError: Failed to read the 'localStorage' property from 'Window': The document is sandboxed and lacks the 'allow-same-origin' flag.
    at http://localhost:3002/sandbox:1:3270
[   46435ms] [ERROR] Access to font at 'http://localhost:3002/_next/static/media/83afe278b6a6bb3c-s.p.3a6ba036.woff2' from origin 'null' has been blocked by CORS policy: No 'Access-Control-Allow-Origin' header is present on the requested resource. @ http://localhost:3002/sandbox:0
[   46435ms] [ERROR] Failed to load resource: net::ERR_FAILED @ http://localhost:3002/_next/static/media/83afe278b6a6bb3c-s.p.3a6ba036.woff2:0
[   46440ms] [ERROR] Access to font at 'http://localhost:3002/_next/static/media/Kalice_Trial_Medium-s.p.e5dbb990.otf' from origin 'null' has been blocked by CORS policy: No 'Access-Control-Allow-Origin' header is present on the requested resource. @ http://localhost:3002/sandbox:0
[   46440ms] [ERROR] Failed to load resource: net::ERR_FAILED @ http://localhost:3002/_next/static/media/Kalice_Trial_Medium-s.p.e5dbb990.otf:0
[   46440ms] [ERROR] Access to font at 'http://localhost:3002/_next/static/media/Kalice_Trial_Bold-s.p.0d951813.otf' from origin 'null' has been blocked by CORS policy: No 'Access-Control-Allow-Origin' header is present on the requested resource. @ http://localhost:3002/sandbox:0
[   46440ms] [ERROR] Failed to load resource: net::ERR_FAILED @ http://localhost:3002/_next/static/media/Kalice_Trial_Bold-s.p.0d951813.otf:0
[   46440ms] [ERROR] Access to font at 'http://localhost:3002/_next/static/media/Kalice_Trial_Regular-s.p.097de76f.otf' from origin 'null' has been blocked by CORS policy: No 'Access-Control-Allow-Origin' header is present on the requested resource. @ http://localhost:3002/sandbox:0
[   46440ms] [ERROR] Failed to load resource: net::ERR_FAILED @ http://localhost:3002/_next/static/media/Kalice_Trial_Regular-s.p.097de76f.otf:0
[   49489ms] [WARNING] The resource http://localhost:3002/_next/static/media/Kalice_Trial_Bold-s.p.0d951813.otf was preloaded using link preload but not used within a few seconds from the window's load event. Please make sure it has an appropriate `as` value and it is preloaded intentionally. @ http://localhost:3002/sandbox:0
[   49489ms] [WARNING] The resource http://localhost:3002/_next/static/media/83afe278b6a6bb3c-s.p.3a6ba036.woff2 was preloaded using link preload but not used within a few seconds from the window's load event. Please make sure it has an appropriate `as` value and it is preloaded intentionally. @ http://localhost:3002/sandbox:0
[   49489ms] [WARNING] The resource http://localhost:3002/_next/static/media/Kalice_Trial_Medium-s.p.e5dbb990.otf was preloaded using link preload but not used within a few seconds from the window's load event. Please make sure it has an appropriate `as` value and it is preloaded intentionally. @ http://localhost:3002/sandbox:0
[   49489ms] [WARNING] The resource http://localhost:3002/_next/static/media/Kalice_Trial_Regular-s.p.097de76f.otf was preloaded using link preload but not used within a few seconds from the window's load event. Please make sure it has an appropriate `as` value and it is preloaded intentionally. @ http://localhost:3002/sandbox:0
